Alert.c:19:6:COMMAND_HANDLER_ALERT	16	static
Alert.c:41:6:Battery_Information	16	static
Alert.c:66:6:SEND_ALERT_PACKET	8	static
Alert.c:93:6:Alert_Task	16	static
Alert.c:115:6:Alert_Func	8	static
Alert.c:156:6:Battery_Alert_Func	8	static
Alert.c:186:6:Main_Supply_or_Battery_Indication	8	static
Alert.c:198:6:Pip_Alert_Func	4	static
Alert.c:226:6:Peep_Alert_Func	4	static
Alert.c:259:6:Minite_Volume_Alert_Func	4	static
Alert.c:324:6:Tidal_Volume_Alert_Func	4	static
Alert.c:354:6:Respiratory_Rate_Alert_Func	4	static
Alert.c:383:6:Oxygen_Alert_Func	4	static
Alert.c:440:6:Leak_Alert_Func	4	static
Alert.c:456:6:Patient_Circuit_Disconnected_Alert_Func	4	static
Alert.c:475:6:Proximal_Flow_Sensor_Reverse_Direction	4	static
Alert.c:495:6:data_request_Check	4	static
Alert.c:519:6:Alert_I_Time_Parameter	4	static
Alert.c:540:6:Alert_E_Time_Parameter	4	static
Alert.c:563:6:Alert_Receiving_Parameter	4	static
Alert.c:586:6:Battery_Status	8	static
Alert.c:617:6:Led_Alert	4	static
