Calibration.c:17:6:CALIBRATION_COMMAND_HANDLER	16	static
Calibration.c:41:9:chksum8_cal	24	static
Calibration.c:50:6:SEND_REPORT_PACKET	8	static
Calibration.c:68:6:CALIBRATION_Task	16	static
Calibration.c:110:6:CALIBRATION_Blower	8	static
Calibration.c:146:6:CALIBRATION_Pressure_Sensor	8	static
Calibration.c:183:6:CALIBRATION_Proximal_Flow_Sensor	8	static
Calibration.c:222:6:CALIBRATION_Exp_valve	16	static
Calibration.c:270:6:CALIBRATION_Oxygen	16	static
Calibration.c:308:6:CALIBRATION_Led	8	static
Calibration.c:345:6:CALIBRATION_Battery	16	static
Calibration.c:380:6:cal_Battery	8	static
