main.c:121:6:Pressure_Min_Max	4	static
main.c:152:5:main	24	static
main.c:264:6:SystemClock_Config	88	static
main.c:308:13:MX_ADC1_Init	24	static
main.c:390:13:MX_DAC_Init	16	static
main.c:434:13:MX_I2C2_Init	8	static
main.c:468:13:MX_TIM12_Init	56	static
main.c:525:13:MX_DMA_Init	16	static
main.c:543:13:MX_GPIO_Init	56	static
main.c:616:6:One_Time_Task	16	static
main.c:694:6:Offset_Task	16	static
main.c:749:6:Sensor_Data_Read_Task	16	static
main.c:770:6:Two_Milli_Second_Task	16	static
main.c:905:6:HAL_TIM_PeriodElapsedCallback	16	static
main.c:922:6:Error_Handler	4	static,ignoring_inline_asm
